2026.03.15 11:00:25 INFO  Started: Metals version 1.6.6 in folders 'D:\Projects\Personal\Minecraft Mods\Boids-1.21.1' for client Visual Studio Code 1.111.0.
2026.03.15 11:00:25 INFO  Memory monitor started
2026.03.15 11:00:26 WARN  Using H2 2.4.240 which is newer than the version Flyway has been verified with. The latest verified version of H2 is 2.3.232.
Mar 15, 2026 12:01:02 PM org.eclipse.lsp4j.jsonrpc.services.GenericEndpoint notify
INFO: Unsupported notification method: $/setTrace
Mar 15, 2026 12:01:08 PM org.eclipse.lsp4j.jsonrpc.services.GenericEndpoint notify
INFO: Unsupported notification method: $/setTrace
2026.03.15 12:59:08 INFO  Shutting down server
2026.03.15 12:59:08 INFO  Memory monitor stopped
2026.03.15 12:59:08 INFO  shutting down Metals
2026.03.15 12:59:08 INFO  Exiting server
2026.04.02 19:16:11 INFO  Started: Metals version 1.6.6 in folders 'D:\Projects\Personal\Minecraft Mods\Boids-1.21.1' for client Visual Studio Code 1.113.0.
2026.04.02 19:16:11 INFO  Memory monitor started
2026.04.02 19:16:11 WARN  Using H2 2.4.240 which is newer than the version Flyway has been verified with. The latest verified version of H2 is 2.3.232.
2026.04.02 19:16:11 INFO  no build target found for D:\Projects\Personal\Minecraft Mods\Boids-1.21.1\src\main\java\me\ryanod\boids\mixin\ExampleMixin.java. Using fallback presentation compiler.
2026.04.02 19:16:13 INFO  no build target found for D:\Projects\Personal\Minecraft Mods\Boids-1.21.1\src\main\java\me\ryanod\boids\mixin\ExampleMixin.java. Using fallback presentation compiler.
2026.04.02 19:16:15 INFO  no build target found for D:\Projects\Personal\Minecraft Mods\Boids-1.21.1\src\main\java\me\ryanod\boids\mixin\ExampleMixin.java. Using fallback presentation compiler.
2026.04.02 19:16:15 INFO  no build target found for D:\Projects\Personal\Minecraft Mods\Boids-1.21.1\src\main\java\me\ryanod\boids\mixin\ExampleMixin.java. Using fallback presentation compiler.
Apr 02, 2026 7:16:18 PM org.eclipse.lsp4j.jsonrpc.services.GenericEndpoint notify
INFO: Unsupported notification method: $/setTrace
2026.04.02 19:46:41 INFO  Shutting down server
2026.04.02 19:46:41 INFO  Memory monitor stopped
2026.04.02 19:46:41 INFO  shutting down Metals
2026.04.02 19:46:41 INFO  Exiting server
2026.04.02 19:46:41 ERROR Unexpected error initializing server: 
org.eclipse.lsp4j.jsonrpc.ResponseErrorException: Request window/showMessageRequest failed with message: Canceled
	at org.eclipse.lsp4j.jsonrpc.RemoteEndpoint.handleResponse(RemoteEndpoint.java:214)
	at org.eclipse.lsp4j.jsonrpc.RemoteEndpoint.consume(RemoteEndpoint.java:198)
	at org.eclipse.lsp4j.jsonrpc.json.StreamMessageProducer.handleMessage(StreamMessageProducer.java:189)
	at org.eclipse.lsp4j.jsonrpc.json.StreamMessageProducer.listen(StreamMessageProducer.java:97)
	at org.eclipse.lsp4j.jsonrpc.json.ConcurrentMessageProcessor.run(ConcurrentMessageProcessor.java:97)
	at java.util.concurrent.Executors$RunnableAdapter.call(Executors.java:545)
	at java.util.concurrent.FutureTask.run(FutureTask.java:328)
	at java.util.concurrent.ThreadPoolExecutor.runWorker(ThreadPoolExecutor.java:1090)
	at java.util.concurrent.ThreadPoolExecutor$Worker.run(ThreadPoolExecutor.java:614)
	at java.lang.Thread.run(Thread.java:1474)

